Archive member included to satisfy reference by file (symbol)

C:/ST/STM32CubeIDE_1.19.0/STM32CubeIDE/plugins/com.st.stm32cube.ide.mcu.externaltools.gnu-tools-for-stm32.13.3.rel1.win32_1.0.0.202411081344/tools/bin/../lib/gcc/arm-none-eabi/13.3.1/../../../../arm-none-eabi/lib/thumb/v7e-m+fp/hard\libc_nano.a(libc_a-exit.o)
                              C:/ST/STM32CubeIDE_1.19.0/STM32CubeIDE/plugins/com.st.stm32cube.ide.mcu.externaltools.gnu-tools-for-stm32.13.3.rel1.win32_1.0.0.202411081344/tools/bin/../lib/gcc/arm-none-eabi/13.3.1/../../../../arm-none-eabi/lib/thumb/v7e-m+fp/hard/crt0.o (exit)
C:/ST/STM32CubeIDE_1.19.0/STM32CubeIDE/plugins/com.st.stm32cube.ide.mcu.externaltools.gnu-tools-for-stm32.13.3.rel1.win32_1.0.0.202411081344/tools/bin/../lib/gcc/arm-none-eabi/13.3.1/../../../../arm-none-eabi/lib/thumb/v7e-m+fp/hard\libc_nano.a(libc_a-findfp.o)
                              C:/ST/STM32CubeIDE_1.19.0/STM32CubeIDE/plugins/com.st.stm32cube.ide.mcu.externaltools.gnu-tools-for-stm32.13.3.rel1.win32_1.0.0.202411081344/tools/bin/../lib/gcc/arm-none-eabi/13.3.1/../../../../arm-none-eabi/lib/thumb/v7e-m+fp/hard\libc_nano.a(libc_a-exit.o) (__stdio_exit_handler)
C:/ST/STM32CubeIDE_1.19.0/STM32CubeIDE/plugins/com.st.stm32cube.ide.mcu.externaltools.gnu-tools-for-stm32.13.3.rel1.win32_1.0.0.202411081344/tools/bin/../lib/gcc/arm-none-eabi/13.3.1/../../../../arm-none-eabi/lib/thumb/v7e-m+fp/hard\libc_nano.a(libc_a-fwalk.o)
                              C:/ST/STM32CubeIDE_1.19.0/STM32CubeIDE/plugins/com.st.stm32cube.ide.mcu.externaltools.gnu-tools-for-stm32.13.3.rel1.win32_1.0.0.202411081344/tools/bin/../lib/gcc/arm-none-eabi/13.3.1/../../../../arm-none-eabi/lib/thumb/v7e-m+fp/hard\libc_nano.a(libc_a-findfp.o) (_fwalk_sglue)
C:/ST/STM32CubeIDE_1.19.0/STM32CubeIDE/plugins/com.st.stm32cube.ide.mcu.externaltools.gnu-tools-for-stm32.13.3.rel1.win32_1.0.0.202411081344/tools/bin/../lib/gcc/arm-none-eabi/13.3.1/../../../../arm-none-eabi/lib/thumb/v7e-m+fp/hard\libc_nano.a(libc_a-stdio.o)
                              C:/ST/STM32CubeIDE_1.19.0/STM32CubeIDE/plugins/com.st.stm32cube.ide.mcu.externaltools.gnu-tools-for-stm32.13.3.rel1.win32_1.0.0.202411081344/tools/bin/../lib/gcc/arm-none-eabi/13.3.1/../../../../arm-none-eabi/lib/thumb/v7e-m+fp/hard\libc_nano.a(libc_a-findfp.o) (__sread)
C:/ST/STM32CubeIDE_1.19.0/STM32CubeIDE/plugins/com.st.stm32cube.ide.mcu.externaltools.gnu-tools-for-stm32.13.3.rel1.win32_1.0.0.202411081344/tools/bin/../lib/gcc/arm-none-eabi/13.3.1/../../../../arm-none-eabi/lib/thumb/v7e-m+fp/hard\libc_nano.a(libc_a-memset.o)
                              C:/ST/STM32CubeIDE_1.19.0/STM32CubeIDE/plugins/com.st.stm32cube.ide.mcu.externaltools.gnu-tools-for-stm32.13.3.rel1.win32_1.0.0.202411081344/tools/bin/../lib/gcc/arm-none-eabi/13.3.1/../../../../arm-none-eabi/lib/thumb/v7e-m+fp/hard/crt0.o (memset)
C:/ST/STM32CubeIDE_1.19.0/STM32CubeIDE/plugins/com.st.stm32cube.ide.mcu.externaltools.gnu-tools-for-stm32.13.3.rel1.win32_1.0.0.202411081344/tools/bin/../lib/gcc/arm-none-eabi/13.3.1/../../../../arm-none-eabi/lib/thumb/v7e-m+fp/hard\libc_nano.a(libc_a-closer.o)
                              C:/ST/STM32CubeIDE_1.19.0/STM32CubeIDE/plugins/com.st.stm32cube.ide.mcu.externaltools.gnu-tools-for-stm32.13.3.rel1.win32_1.0.0.202411081344/tools/bin/../lib/gcc/arm-none-eabi/13.3.1/../../../../arm-none-eabi/lib/thumb/v7e-m+fp/hard\libc_nano.a(libc_a-stdio.o) (_close_r)
C:/ST/STM32CubeIDE_1.19.0/STM32CubeIDE/plugins/com.st.stm32cube.ide.mcu.externaltools.gnu-tools-for-stm32.13.3.rel1.win32_1.0.0.202411081344/tools/bin/../lib/gcc/arm-none-eabi/13.3.1/../../../../arm-none-eabi/lib/thumb/v7e-m+fp/hard\libc_nano.a(libc_a-reent.o)
                              C:/ST/STM32CubeIDE_1.19.0/STM32CubeIDE/plugins/com.st.stm32cube.ide.mcu.externaltools.gnu-tools-for-stm32.13.3.rel1.win32_1.0.0.202411081344/tools/bin/../lib/gcc/arm-none-eabi/13.3.1/../../../../arm-none-eabi/lib/thumb/v7e-m+fp/hard\libc_nano.a(libc_a-closer.o) (errno)
C:/ST/STM32CubeIDE_1.19.0/STM32CubeIDE/plugins/com.st.stm32cube.ide.mcu.externaltools.gnu-tools-for-stm32.13.3.rel1.win32_1.0.0.202411081344/tools/bin/../lib/gcc/arm-none-eabi/13.3.1/../../../../arm-none-eabi/lib/thumb/v7e-m+fp/hard\libc_nano.a(libc_a-impure.o)
                              C:/ST/STM32CubeIDE_1.19.0/STM32CubeIDE/plugins/com.st.stm32cube.ide.mcu.externaltools.gnu-tools-for-stm32.13.3.rel1.win32_1.0.0.202411081344/tools/bin/../lib/gcc/arm-none-eabi/13.3.1/../../../../arm-none-eabi/lib/thumb/v7e-m+fp/hard\libc_nano.a(libc_a-reent.o) (_impure_ptr)
C:/ST/STM32CubeIDE_1.19.0/STM32CubeIDE/plugins/com.st.stm32cube.ide.mcu.externaltools.gnu-tools-for-stm32.13.3.rel1.win32_1.0.0.202411081344/tools/bin/../lib/gcc/arm-none-eabi/13.3.1/../../../../arm-none-eabi/lib/thumb/v7e-m+fp/hard\libc_nano.a(libc_a-lseekr.o)
[...]
Memory Configuration

Name             Origin             Length             Attributes
CCMRAM           0x10000000         0x00010000         xrw
RAM              0x20000000         0x00020000         xrw
FLASH            0x08000000         0x00008000         xrw
*default*        0x00000000         0xffffffff

Linker script and memory map

LOAD C:/ST/STM32CubeIDE_1.19.0/STM32CubeIDE/plugins/com.st.stm32cube.ide.mcu.externaltools.gnu-tools-for-stm32.13.3.rel1.win32_1.0.0.202411081344/tools/bin/../lib/gcc/arm-none-eabi/13.3.1/thumb/v7e-m+fp/hard/crti.o
LOAD C:/ST/STM32CubeIDE_1.19.0/STM32CubeIDE/plugins/com.st.stm32cube.ide.mcu.externaltools.gnu-tools-for-stm32.13.3.rel1.win32_1.0.0.202411081344/tools/bin/../lib/gcc/arm-none-eabi/13.3.1/thumb/v7e-m+fp/hard/crtbegin.o
LOAD C:/ST/STM32CubeIDE_1.19.0/STM32CubeIDE/plugins/com.st.stm32cube.ide.mcu.externaltools.gnu-tools-for-stm32.13.3.rel1.win32_1.0.0.202411081344/tools/bin/../lib/gcc/arm-none-eabi/13.3.1/../../../../arm-none-eabi/lib/thumb/v7e-m+fp/hard/crt0.o
LOAD ./Src/gpio.o
LOAD ./Src/main.o
LOAD ./Src/syscalls.o
LOAD ./Src/sysmem.o
LOAD ./Src/systick.o
LOAD ./Src/uart.o
LOAD ./Startup/startup_stm32f407vgtx.o
START GROUP
LOAD C:/ST/STM32CubeIDE_1.19.0/STM32CubeIDE/plugins/com.st.stm32cube.ide.mcu.externaltools.gnu-tools-for-stm32.13.3.rel1.win32_1.0.0.202411081344/tools/bin/../lib/gcc/arm-none-eabi/13.3.1/../../../../arm-none-eabi/lib/thumb/v7e-m+fp/hard\libc_nano.a
LOAD C:/ST/STM32CubeIDE_1.19.0/STM32CubeIDE/plugins/com.st.stm32cube.ide.mcu.externaltools.gnu-tools-for-stm32.13.3.rel1.win32_1.0.0.202411081344/tools/bin/../lib/gcc/arm-none-eabi/13.3.1/../../../../arm-none-eabi/lib/thumb/v7e-m+fp/hard\libm.a
END GROUP
START GROUP
LOAD C:/ST/STM32CubeIDE_1.19.0/STM32CubeIDE/plugins/com.st.stm32cube.ide.mcu.externaltools.gnu-tools-for-stm32.13.3.rel1.win32_1.0.0.202411081344/tools/bin/../lib/gcc/arm-none-eabi/13.3.1/thumb/v7e-m+fp/hard\libgcc.a
LOAD C:/ST/STM32CubeIDE_1.19.0/STM32CubeIDE/plugins/com.st.stm32cube.ide.mcu.externaltools.gnu-tools-for-stm32.13.3.rel1.win32_1.0.0.202411081344/tools/bin/../lib/gcc/arm-none-eabi/13.3.1/../../../../arm-none-eabi/lib/thumb/v7e-m+fp/hard\libc_nano.a
END GROUP
START GROUP
LOAD C:/ST/STM32CubeIDE_1.19.0/STM32CubeIDE/plugins/com.st.stm32cube.ide.mcu.externaltools.gnu-tools-for-stm32.13.3.rel1.win32_1.0.0.202411081344/tools/bin/../lib/gcc/arm-none-eabi/13.3.1/thumb/v7e-m+fp/hard\libgcc.a
LOAD C:/ST/STM32CubeIDE_1.19.0/STM32CubeIDE/plugins/com.st.stm32cube.ide.mcu.externaltools.gnu-tools-for-stm32.13.3.rel1.win32_1.0.0.202411081344/tools/bin/../lib/gcc/arm-none-eabi/13.3.1/../../../../arm-none-eabi/lib/thumb/v7e-m+fp/hard\libc_nano.a
LOAD C:/ST/STM32CubeIDE_1.19.0/STM32CubeIDE/plugins/com.st.stm32cube.ide.mcu.externaltools.gnu-tools-for-stm32.13.3.rel1.win32_1.0.0.202411081344/tools/bin/../lib/gcc/arm-none-eabi/13.3.1/../../../../arm-none-eabi/lib/thumb/v7e-m+fp/hard\libnosys.a
END GROUP
START GROUP
LOAD C:/ST/STM32CubeIDE_1.19.0/STM32CubeIDE/plugins/com.st.stm32cube.ide.mcu.externaltools.gnu-tools-for-stm32.13.3.rel1.win32_1.0.0.202411081344/tools/bin/../lib/gcc/arm-none-eabi/13.3.1/thumb/v7e-m+fp/hard\libgcc.a
LOAD C:/ST/STM32CubeIDE_1.19.0/STM32CubeIDE/plugins/com.st.stm32cube.ide.mcu.externaltools.gnu-tools-for-stm32.13.3.rel1.win32_1.0.0.202411081344/tools/bin/../lib/gcc/arm-none-eabi/13.3.1/../../../../arm-none-eabi/lib/thumb/v7e-m+fp/hard\libc_nano.a
LOAD C:/ST/STM32CubeIDE_1.19.0/STM32CubeIDE/plugins/com.st.stm32cube.ide.mcu.externaltools.gnu-tools-for-stm32.13.3.rel1.win32_1.0.0.202411081344/tools/bin/../lib/gcc/arm-none-eabi/13.3.1/../../../../arm-none-eabi/lib/thumb/v7e-m+fp/hard\libnosys.a
END GROUP
LOAD C:/ST/STM32CubeIDE_1.19.0/STM32CubeIDE/plugins/com.st.stm32cube.ide.mcu.externaltools.gnu-tools-for-stm32.13.3.rel1.win32_1.0.0.202411081344/tools/bin/../lib/gcc/arm-none-eabi/13.3.1/thumb/v7e-m+fp/hard/crtend.o
LOAD C:/ST/STM32CubeIDE_1.19.0/STM32CubeIDE/plugins/com.st.stm32cube.ide.mcu.externaltools.gnu-tools-for-stm32.13.3.rel1.win32_1.0.0.202411081344/tools/bin/../lib/gcc/arm-none-eabi/13.3.1/thumb/v7e-m+fp/hard/crtn.o
                0x20020000                        _estack = (ORIGIN (RAM) + LENGTH (RAM))
                0x00000200                        _Min_Heap_Size = 0x200
                0x00000400                        _Min_Stack_Size = 0x400

.isr_vector     0x08000000      0x188
                0x08000000                        . = ALIGN (0x4)
 *(.isr_vector)
 .isr_vector    0x08000000      0x188 ./Startup/startup_stm32f407vgtx.o
                0x08000000                g_pfnVectors
                0x08000188                        . = ALIGN (0x4)

.text           0x08000188      0xaf4
                0x08000188                        . = ALIGN (0x4)
 *(.text)
 .text          0x08000188       0x40 C:/ST/STM32CubeIDE_1.19.0/STM32CubeIDE/plugins/com.st.stm32cube.ide.mcu.externaltools.gnu-tools-for-stm32.13.3.rel1.win32_1.0.0.202411081344/tools/bin/../lib/gcc/arm-none-eabi/13.3.1/thumb/v7e-m+fp/hard/crtbegin.o
 *(.text*)
 .text.get_btn_state
                0x080001c8       0x24 ./Src/gpio.o
                0x080001c8                get_btn_state
 .text.main     0x080001ec       0x2a ./Src/main.o
                0x080001ec                main
 *fill*         0x08000216        0x2 
 .text.bootloader_jump_to_user_app
                0x08000218       0x38 ./Src/main.o
                0x08000218                bootloader_jump_to_user_app
 .text.bootloader_uart_read_data
                0x08000250       0xb8 ./Src/main.o
                0x08000250                bootloader_uart_read_data
 .text.bootloader_handle_get_ver
                0x08000308       0x68 ./Src/main.o
                0x08000308                bootloader_handle_get_ver
 .text.bootloader_handle_gethelp
                0x08000370       0x5c ./Src/main.o
                0x08000370                bootloader_handle_gethelp
 .text.bootloader_verify_crc
                0x080003cc       0x6c ./Src/main.o
                0x080003cc                bootloader_verify_crc
 .text.get_bootloader_version
                0x08000438       0x10 ./Src/main.o
                0x08000438                get_bootloader_version
 .text.get_mcu_chip_id
                0x08000448       0x20 ./Src/main.o
                0x08000448                get_mcu_chip_id
 .text.bootloader_handle_getcid
                0x08000468       0x58 ./Src/main.o
                0x08000468                bootloader_handle_getcid
 .text.get_flash_rdp_level
                0x080004c0       0x24 ./Src/main.o
                0x080004c0                get_flash_rdp_level
 .text.bootloader_handle_getrdp
                0x080004e4       0x5c ./Src/main.o
                0x080004e4                bootloader_handle_getrdp
 .text.verify_address
                0x08000540       0x7c ./Src/main.o
                0x08000540                verify_address
 .text.bootloader_handle_go_to_addr
                0x080005bc       0x94 ./Src/main.o
                0x080005bc                bootloader_handle_go_to_addr
 .text.flash_unlock
                0x08000650       0x30 ./Src/main.o
 .text.flash_lock
                0x08000680       0x20 ./Src/main.o
 .text.execute_flash_erase
                0x080006a0       0xf0 ./Src/main.o
                0x080006a0                execute_flash_erase
 .text.bootloader_handle_flash_erase
                0x08000790       0x78 ./Src/main.o
                0x08000790                bootloader_handle_flash_erase
 .text.execute_mem_write
                0x08000808       0x8c ./Src/main.o
 .text.bootloader_handle_mem_write
                0x08000894       0xb6 ./Src/main.o
                0x08000894                bootloader_handle_mem_write
 *fill*         0x0800094a        0x2 
 .text.systick_msec_delay
                0x0800094c       0x60 ./Src/systick.o
                0x0800094c                systick_msec_delay
 .text.uart_init
                0x080009ac       0xdc ./Src/uart.o
                0x080009ac                uart_init
 .text.compute_uart_bd
                0x08000a88       0x26 ./Src/uart.o
 *fill*         0x08000aae        0x2 
 .text.uart_set_baudrate
                0x08000ab0       0x28 ./Src/uart.o
 .text.uart_read
                0x08000ad8       0x28 ./Src/uart.o
                0x08000ad8                uart_read
 .text.bootloader_uart_write_data
                0x08000b00       0x4c ./Src/uart.o
                0x08000b00                bootloader_uart_write_data
 .text.bootloader_send_nack
                0x08000b4c       0x28 ./Src/uart.o
                0x08000b4c                bootloader_send_nack
 .text.bootloader_send_ack
                0x08000b74       0x44 ./Src/uart.o
                0x08000b74                bootloader_send_ack
 .text.Reset_Handler
                0x08000bb8       0x50 ./Startup/startup_stm32f407vgtx.o
                0x08000bb8                Reset_Handler
 .text.Default_Handler
                0x08000c08        0x2 ./Startup/startup_stm32f407vgtx.o
                0x08000c08                RTC_Alarm_IRQHandler
                0x08000c08                HASH_RNG_IRQHandler
                0x08000c08                EXTI2_IRQHandler
                0x08000c08                TIM8_CC_IRQHandler
                0x08000c08                DebugMon_Handler
                0x08000c08                TIM1_CC_IRQHandler
                0x08000c08                DMA2_Stream5_IRQHandler
                0x08000c08                HardFault_Handler
                0x08000c08                DMA1_Stream5_IRQHandler
                0x08000c08                SysTick_Handler
                0x08000c08                PVD_IRQHandler
                0x08000c08                SDIO_IRQHandler
                0x08000c08                TAMP_STAMP_IRQHandler
                0x08000c08                PendSV_Handler
                0x08000c08                NMI_Handler
                0x08000c08                CAN2_RX1_IRQHandler
                0x08000c08                EXTI3_IRQHandler
                0x08000c08                TIM8_TRG_COM_TIM14_IRQHandler
                0x08000c08                TIM1_UP_TIM10_IRQHandler
                0x08000c08                TIM8_UP_TIM13_IRQHandler
                0x08000c08                I2C3_ER_IRQHandler
                0x08000c08                EXTI0_IRQHandler
                0x08000c08                I2C2_EV_IRQHandler
                0x08000c08                DMA1_Stream2_IRQHandler
                0x08000c08                CAN1_RX0_IRQHandler
                0x08000c08                FPU_IRQHandler
                0x08000c08                OTG_HS_WKUP_IRQHandler
                0x08000c08                UsageFault_Handler
                0x08000c08                CAN2_SCE_IRQHandler
                0x08000c08                DMA2_Stream2_IRQHandler
                0x08000c08                SPI1_IRQHandler
                0x08000c08                TIM6_DAC_IRQHandler
                0x08000c08                TIM1_BRK_TIM9_IRQHandler
                0x08000c08                DCMI_IRQHandler
                0x08000c08                CAN2_RX0_IRQHandler
                0x08000c08                DMA2_Stream3_IRQHandler
                0x08000c08                USART6_IRQHandler
                0x08000c08                USART3_IRQHandler
                0x08000c08                CRYP_IRQHandler
                0x08000c08                CAN1_RX1_IRQHandler
                0x08000c08                UART5_IRQHandler
                0x08000c08                DMA2_Stream0_IRQHandler
                0x08000c08                TIM4_IRQHandler
                0x08000c08                I2C1_EV_IRQHandler
                0x08000c08                DMA1_Stream6_IRQHandler
                0x08000c08                DMA1_Stream1_IRQHandler
                0x08000c08                UART4_IRQHandler
                0x08000c08                TIM3_IRQHandler
                0x08000c08                RCC_IRQHandler
                0x08000c08                TIM8_BRK_TIM12_IRQHandler
                0x08000c08                Default_Handler
                0x08000c08                EXTI15_10_IRQHandler
                0x08000c08                ADC_IRQHandler
                0x08000c08                DMA1_Stream7_IRQHandler
                0x08000c08                TIM7_IRQHandler
                0x08000c08                CAN2_TX_IRQHandler
                0x08000c08                TIM5_IRQHandler
                0x08000c08                DMA2_Stream7_IRQHandler
                0x08000c08                I2C3_EV_IRQHandler
                0x08000c08                EXTI9_5_IRQHandler
                0x08000c08                RTC_WKUP_IRQHandler
                0x08000c08                ETH_WKUP_IRQHandler
                0x08000c08                SPI2_IRQHandler
                0x08000c08                OTG_HS_EP1_IN_IRQHandler
                0x08000c08                MemManage_Handler
                0x08000c08                DMA1_Stream0_IRQHandler
                0x08000c08                CAN1_TX_IRQHandler
                0x08000c08                SVC_Handler
                0x08000c08                EXTI4_IRQHandler
                0x08000c08                FSMC_IRQHandler
                0x08000c08                ETH_IRQHandler
                0x08000c08                OTG_HS_EP1_OUT_IRQHandler
                0x08000c08                WWDG_IRQHandler
                0x08000c08                TIM2_IRQHandler
                0x08000c08                OTG_FS_WKUP_IRQHandler
                0x08000c08                TIM1_TRG_COM_TIM11_IRQHandler
                0x08000c08                OTG_HS_IRQHandler
                0x08000c08                EXTI1_IRQHandler
                0x08000c08                USART2_IRQHandler
                0x08000c08                I2C2_ER_IRQHandler
                0x08000c08                DMA2_Stream1_IRQHandler
                0x08000c08                CAN1_SCE_IRQHandler
                0x08000c08                DMA2_Stream4_IRQHandler
                0x08000c08                BusFault_Handler
                0x08000c08                USART1_IRQHandler
                0x08000c08                OTG_FS_IRQHandler
                0x08000c08                SPI3_IRQHandler
                0x08000c08                DMA1_Stream4_IRQHandler
                0x08000c08                I2C1_ER_IRQHandler
                0x08000c08                DMA2_Stream6_IRQHandler
                0x08000c08                DMA1_Stream3_IRQHandler
 .text.memset   0x08000c0a       0x10 C:/ST/STM32CubeIDE_1.19.0/STM32CubeIDE/plugins/com.st.stm32cube.ide.mcu.externaltools.gnu-tools-for-stm32.13.3.rel1.win32_1.0.0.202411081344/tools/bin/../lib/gcc/arm-none-eabi/13.3.1/../../../../arm-none-eabi/lib/thumb/v7e-m+fp/hard\libc_nano.a(libc_a-memset.o)
                0x08000c0a                memset
 *fill*         0x08000c1a        0x2 
 .text.__libc_init_array
                0x08000c1c       0x48 C:/ST/STM32CubeIDE_1.19.0/STM32CubeIDE/plugins/com.st.stm32cube.ide.mcu.externaltools.gnu-tools-for-stm32.13.3.rel1.win32_1.0.0.202411081344/tools/bin/../lib/gcc/arm-none-eabi/13.3.1/../../../../arm-none-eabi/lib/thumb/v7e-m+fp/hard\libc_nano.a(libc_a-init.o)
                0x08000c1c                __libc_init_array
 *(.glue_7)
 .glue_7        0x08000c64        0x0 linker stubs
 *(.glue_7t)
 .glue_7t       0x08000c64        0x0 linker stubs
 *(.eh_frame)
 .eh_frame      0x08000c64        0x0 C:/ST/STM32CubeIDE_1.19.0/STM32CubeIDE/plugins/com.st.stm32cube.ide.mcu.externaltools.gnu-tools-for-stm32.13.3.rel1.win32_1.0.0.202411081344/tools/bin/../lib/gcc/arm-none-eabi/13.3.1/thumb/v7e-m+fp/hard/crtbegin.o
 *(.init)
 .init          0x08000c64        0x4 C:/ST/STM32CubeIDE_1.19.0/STM32CubeIDE/plugins/com.st.stm32cube.ide.mcu.externaltools.gnu-tools-for-stm32.13.3.rel1.win32_1.0.0.202411081344/tools/bin/../lib/gcc/arm-none-eabi/13.3.1/thumb/v7e-m+fp/hard/crti.o
                0x08000c64                _init
 .init          0x08000c68        0x8 C:/ST/STM32CubeIDE_1.19.0/STM32CubeIDE/plugins/com.st.stm32cube.ide.mcu.externaltools.gnu-tools-for-stm32.13.3.rel1.win32_1.0.0.202411081344/tools/bin/../lib/gcc/arm-none-eabi/13.3.1/thumb/v7e-m+fp/hard/crtn.o
 *(.fini)
 .fini          0x08000c70        0x4 C:/ST/STM32CubeIDE_1.19.0/STM32CubeIDE/plugins/com.st.stm32cube.ide.mcu.externaltools.gnu-tools-for-stm32.13.3.rel1.win32_1.0.0.202411081344/tools/bin/../lib/gcc/arm-none-eabi/13.3.1/thumb/v7e-m+fp/hard/crti.o
                0x08000c70                _fini
 .fini          0x08000c74        0x8 C:/ST/STM32CubeIDE_1.19.0/STM32CubeIDE/plugins/com.st.stm32cube.ide.mcu.externaltools.gnu-tools-for-stm32.13.3.rel1.win32_1.0.0.202411081344/tools/bin/../lib/gcc/arm-none-eabi/13.3.1/thumb/v7e-m+fp/hard/crtn.o
                0x08000c7c                        . = ALIGN (0x4)
                0x08000c7c                        _etext = .

.vfp11_veneer   0x08000c7c        0x0
 .vfp11_veneer  0x08000c7c        0x0 linker stubs

.v4_bx          0x08000c7c        0x0
 .v4_bx         0x08000c7c        0x0 linker stubs

.iplt           0x08000c7c        0x0
 .iplt          0x08000c7c        0x0 C:/ST/STM32CubeIDE_1.19.0/STM32CubeIDE/plugins/com.st.stm32cube.ide.mcu.externaltools.gnu-tools-for-stm32.13.3.rel1.win32_1.0.0.202411081344/tools/bin/../lib/gcc/arm-none-eabi/13.3.1/thumb/v7e-m+fp/hard/crtbegin.o

.rodata         0x08000c7c        0x0
                0x08000c7c                        . = ALIGN (0x4)
 *(.rodata)
 *(.rodata*)
                0x08000c7c                        . = ALIGN (0x4)

.ARM.extab      0x08000c7c        0x0
                0x08000c7c                        . = ALIGN (0x4)
 *(.ARM.extab* .gnu.linkonce.armextab.*)
                0x08000c7c                        . = ALIGN (0x4)

.ARM            0x08000c7c        0x0
                0x08000c7c                        . = ALIGN (0x4)
                0x08000c7c                        __exidx_start = .
 *(.ARM.exidx*)
                0x08000c7c                        __exidx_end = .
                0x08000c7c                        . = ALIGN (0x4)

.preinit_array  0x08000c7c        0x0
                0x08000c7c                        . = ALIGN (0x4)
                0x08000c7c                        PROVIDE (__preinit_array_start = .)
 *(.preinit_array*)
                0x08000c7c                        PROVIDE (__preinit_array_end = .)
                0x08000c7c                        . = ALIGN (0x4)

.init_array     0x08000c7c        0x4
                0x08000c7c                        . = ALIGN (0x4)
                0x08000c7c                        PROVIDE (__init_array_start = .)
 *(SORT_BY_NAME(.init_array.*))
 *(.init_array*)
 .init_array    0x08000c7c        0x4 C:/ST/STM32CubeIDE_1.19.0/STM32CubeIDE/plugins/com.st.stm32cube.ide.mcu.externaltools.gnu-tools-for-stm32.13.3.rel1.win32_1.0.0.202411081344/tools/bin/../lib/gcc/arm-none-eabi/13.3.1/thumb/v7e-m+fp/hard/crtbegin.o
                0x08000c80                        PROVIDE (__init_array_end = .)
                0x08000c80                        . = ALIGN (0x4)

.fini_array     0x08000c80        0x4
                0x08000c80                        . = ALIGN (0x4)
                [!provide]                        PROVIDE (__fini_array_start = .)
 *(SORT_BY_NAME(.fini_array.*))
 *(.fini_array*)
 .fini_array    0x08000c80        0x4 C:/ST/STM32CubeIDE_1.19.0/STM32CubeIDE/plugins/com.st.stm32cube.ide.mcu.externaltools.gnu-tools-for-stm32.13.3.rel1.win32_1.0.0.202411081344/tools/bin/../lib/gcc/arm-none-eabi/13.3.1/thumb/v7e-m+fp/hard/crtbegin.o
                [!provide]                        PROVIDE (__fini_array_end = .)
                0x08000c84                        . = ALIGN (0x4)
                0x08000c84                        _sidata = LOADADDR (.data)

.rel.dyn        0x08000c84        0x0
 .rel.iplt      0x08000c84        0x0 C:/ST/STM32CubeIDE_1.19.0/STM32CubeIDE/plugins/com.st.stm32cube.ide.mcu.externaltools.gnu-tools-for-stm32.13.3.rel1.win32_1.0.0.202411081344/tools/bin/../lib/gcc/arm-none-eabi/13.3.1/thumb/v7e-m+fp/hard/crtbegin.o

.data           0x20000000        0xc load address 0x08000c84
                0x20000000                        . = ALIGN (0x4)
                0x20000000                        _sdata = .
 *(.data)
 *(.data*)
 .data.supported_commands
                0x20000000        0xa ./Src/main.o
                0x20000000                supported_commands
 *(.RamFunc)
 *(.RamFunc*)
                0x2000000c                        . = ALIGN (0x4)
 *fill*         0x2000000a        0x2 
                0x2000000c                        _edata = .
                0x08000c90                        _siccmram = LOADADDR (.ccmram)

.igot.plt       0x2000000c        0x0 load address 0x08000c90
 .igot.plt      0x2000000c        0x0 C:/ST/STM32CubeIDE_1.19.0/STM32CubeIDE/plugins/com.st.stm32cube.ide.mcu.externaltools.gnu-tools-for-stm32.13.3.rel1.win32_1.0.0.202411081344/tools/bin/../lib/gcc/arm-none-eabi/13.3.1/thumb/v7e-m+fp/hard/crtbegin.o

.ccmram         0x10000000        0x0 load address 0x08000c90
                0x10000000                        . = ALIGN (0x4)
                0x10000000                        _sccmram = .
 *(.ccmram)
 *(.ccmram*)
                0x10000000                        . = ALIGN (0x4)
                0x10000000                        _eccmram = .
                0x10000000                        . = ALIGN (0x4)

.bss            0x2000000c      0x11c
                0x2000000c                        _sbss = .
                0x2000000c                        __bss_start__ = _sbss
 *(.bss)
 .bss           0x2000000c       0x1c C:/ST/STM32CubeIDE_1.19.0/STM32CubeIDE/plugins/com.st.stm32cube.ide.mcu.externaltools.gnu-tools-for-stm32.13.3.rel1.win32_1.0.0.202411081344/tools/bin/../lib/gcc/arm-none-eabi/13.3.1/thumb/v7e-m+fp/hard/crtbegin.o
 *(.bss*)
 .bss.bl_rx_buffer
                0x20000028       0xff ./Src/main.o
                0x20000028                bl_rx_buffer
 *(COMMON)
                0x20000128                        . = ALIGN (0x4)
 *fill*         0x20000127        0x1 
                0x20000128                        _ebss = .
                0x20000128                        __bss_end__ = _ebss

._user_heap_stack
                0x20000128      0x600
                0x20000128                        . = ALIGN (0x8)
                [!provide]                        PROVIDE (end = .)
                0x20000128                        PROVIDE (_end = .)
                0x20000328                        . = (. + _Min_Heap_Size)
 *fill*         0x20000128      0x200 
                0x20000728                        . = (. + _Min_Stack_Size)
 *fill*         0x20000328      0x400 
                0x20000728                        . = ALIGN (0x8)

/DISCARD/
 libc.a(*)
 libm.a(*)
 libgcc.a(*)

.ARM.attributes
                0x00000000       0x30
 *(.ARM.attributes)
 .ARM.attributes
                0x00000000       0x22 C:/ST/STM32CubeIDE_1.19.0/STM32CubeIDE/plugins/com.st.stm32cube.ide.mcu.externaltools.gnu-tools-for-stm32.13.3.rel1.win32_1.0.0.202411081344/tools/bin/../lib/gcc/arm-none-eabi/13.3.1/thumb/v7e-m+fp/hard/crti.o
 .ARM.attributes
                0x00000022       0x34 C:/ST/STM32CubeIDE_1.19.0/STM32CubeIDE/plugins/com.st.stm32cube.ide.mcu.externaltools.gnu-tools-for-stm32.13.3.rel1.win32_1.0.0.202411081344/tools/bin/../lib/gcc/arm-none-eabi/13.3.1/thumb/v7e-m+fp/hard/crtbegin.o
 .ARM.attributes
                0x00000056       0x34 ./Src/gpio.o
 .ARM.attributes
                0x0000008a       0x34 ./Src/main.o
 .ARM.attributes
                0x000000be       0x34 ./Src/systick.o
 .ARM.attributes
                0x000000f2       0x34 ./Src/uart.o
 .ARM.attributes
                0x00000126       0x21 ./Startup/startup_stm32f407vgtx.o
 .ARM.attributes
                0x00000147       0x34 C:/ST/STM32CubeIDE_1.19.0/STM32CubeIDE/plugins/com.st.stm32cube.ide.mcu.externaltools.gnu-tools-for-stm32.13.3.rel1.win32_1.0.0.202411081344/tools/bin/../lib/gcc/arm-none-eabi/13.3.1/../../../../arm-none-eabi/lib/thumb/v7e-m+fp/hard\libc_nano.a(libc_a-memset.o)
 .ARM.attributes
                0x0000017b       0x34 C:/ST/STM32CubeIDE_1.19.0/STM32CubeIDE/plugins/com.st.stm32cube.ide.mcu.externaltools.gnu-tools-for-stm32.13.3.rel1.win32_1.0.0.202411081344/tools/bin/../lib/gcc/arm-none-eabi/13.3.1/../../../../arm-none-eabi/lib/thumb/v7e-m+fp/hard\libc_nano.a(libc_a-init.o)
 .ARM.attributes
                0x000001af       0x22 C:/ST/STM32CubeIDE_1.19.0/STM32CubeIDE/plugins/com.st.stm32cube.ide.mcu.externaltools.gnu-tools-for-stm32.13.3.rel1.win32_1.0.0.202411081344/tools/bin/../lib/gcc/arm-none-eabi/13.3.1/thumb/v7e-m+fp/hard/crtn.o
OUTPUT(Bootloader2.elf elf32-littlearm)
LOAD linker stubs
LOAD C:/ST/STM32CubeIDE_1.19.0/STM32CubeIDE/plugins/com.st.stm32cube.ide.mcu.externaltools.gnu-tools-for-stm32.13.3.rel1.win32_1.0.0.202411081344/tools/bin/../lib/gcc/arm-none-eabi/13.3.1/../../../../arm-none-eabi/lib/thumb/v7e-m+fp/hard\libc.a
LOAD C:/ST/STM32CubeIDE_1.19.0/STM32CubeIDE/plugins/com.st.stm32cube.ide.mcu.externaltools.gnu-tools-for-stm32.13.3.rel1.win32_1.0.0.202411081344/tools/bin/../lib/gcc/arm-none-eabi/13.3.1/../../../../arm-none-eabi/lib/thumb/v7e-m+fp/hard\libm.a
LOAD C:/ST/STM32CubeIDE_1.19.0/STM32CubeIDE/plugins/com.st.stm32cube.ide.mcu.externaltools.gnu-tools-for-stm32.13.3.rel1.win32_1.0.0.202411081344/tools/bin/../lib/gcc/arm-none-eabi/13.3.1/thumb/v7e-m+fp/hard\libgcc.a

.debug_info     0x00000000     0x152c
 .debug_info    0x00000000      0x2db ./Src/gpio.o
 .debug_info    0x000002db      0xc3c ./Src/main.o
 .debug_info    0x00000f17      0x116 ./Src/systick.o
 .debug_info    0x0000102d      0x4cf ./Src/uart.o
 .debug_info    0x000014fc       0x30 ./Startup/startup_stm32f407vgtx.o

.debug_abbrev   0x00000000      0x681
 .debug_abbrev  0x00000000       0xd1 ./Src/gpio.o
 .debug_abbrev  0x000000d1      0x305 ./Src/main.o
 .debug_abbrev  0x000003d6       0xcf ./Src/systick.o
 .debug_abbrev  0x000004a5      0x1b8 ./Src/uart.o
 .debug_abbrev  0x0000065d       0x24 ./Startup/startup_stm32f407vgtx.o

.debug_aranges  0x00000000      0x190
 .debug_aranges
                0x00000000       0x28 ./Src/gpio.o
 .debug_aranges
                0x00000028       0xb0 ./Src/main.o
 .debug_aranges
                0x000000d8       0x20 ./Src/systick.o
 .debug_aranges
                0x000000f8       0x70 ./Src/uart.o
 .debug_aranges
                0x00000168       0x28 ./Startup/startup_stm32f407vgtx.o

.debug_rnglists
                0x00000000      0x119
 .debug_rnglists
                0x00000000       0x19 ./Src/gpio.o
 .debug_rnglists
                0x00000019       0x84 ./Src/main.o
 .debug_rnglists
                0x0000009d       0x13 ./Src/systick.o
 .debug_rnglists
                0x000000b0       0x50 ./Src/uart.o
 .debug_rnglists
                0x00000100       0x19 ./Startup/startup_stm32f407vgtx.o

.debug_macro    0x00000000    0x191eb
 .debug_macro   0x00000000       0xed ./Src/gpio.o
 .debug_macro   0x000000ed      0xaea ./Src/gpio.o
 .debug_macro   0x00000bd7       0x22 ./Src/gpio.o
 .debug_macro   0x00000bf9       0x28 ./Src/gpio.o
 .debug_macro   0x00000c21       0x2f ./Src/gpio.o
 .debug_macro   0x00000c50       0x22 ./Src/gpio.o
 .debug_macro   0x00000c72       0x8e ./Src/gpio.o
 .debug_macro   0x00000d00       0x51 ./Src/gpio.o
 .debug_macro   0x00000d51      0x103 ./Src/gpio.o
 .debug_macro   0x00000e54       0x6a ./Src/gpio.o
 .debug_macro   0x00000ebe      0x1df ./Src/gpio.o
 .debug_macro   0x0000109d       0x1c ./Src/gpio.o
 .debug_macro   0x000010b9       0x22 ./Src/gpio.o
 .debug_macro   0x000010db       0xfb ./Src/gpio.o
 .debug_macro   0x000011d6     0x1011 ./Src/gpio.o
 .debug_macro   0x000021e7      0x11f ./Src/gpio.o
 .debug_macro   0x00002306    0x15ea5 ./Src/gpio.o
 .debug_macro   0x000181ab       0x6d ./Src/gpio.o
 .debug_macro   0x00018218      0x274 ./Src/main.o
 .debug_macro   0x0001848c       0x61 ./Src/main.o
 .debug_macro   0x000184ed       0x2a ./Src/main.o
 .debug_macro   0x00018517       0x43 ./Src/main.o
 .debug_macro   0x0001855a       0x34 ./Src/main.o
 .debug_macro   0x0001858e      0x190 ./Src/main.o
 .debug_macro   0x0001871e      0x370 ./Src/main.o
 .debug_macro   0x00018a8e       0x16 ./Src/main.o
 .debug_macro   0x00018aa4       0x4a ./Src/main.o
 .debug_macro   0x00018aee       0x34 ./Src/main.o
 .debug_macro   0x00018b22       0x10 ./Src/main.o
 .debug_macro   0x00018b32       0x58 ./Src/main.o
 .debug_macro   0x00018b8a       0x8e ./Src/main.o
 .debug_macro   0x00018c18       0x1c ./Src/main.o
 .debug_macro   0x00018c34      0x185 ./Src/main.o
 .debug_macro   0x00018db9       0x10 ./Src/main.o
 .debug_macro   0x00018dc9       0x3c ./Src/main.o
 .debug_macro   0x00018e05       0x20 ./Src/main.o
 .debug_macro   0x00018e25       0x1c ./Src/main.o
 .debug_macro   0x00018e41       0x10 ./Src/main.o
 .debug_macro   0x00018e51       0x1c ./Src/main.o
 .debug_macro   0x00018e6d       0x16 ./Src/main.o
 .debug_macro   0x00018e83      0x146 ./Src/main.o
 .debug_macro   0x00018fc9       0xf0 ./Src/systick.o
 .debug_macro   0x000190b9      0x132 ./Src/uart.o

.debug_line     0x00000000     0x2061
 .debug_line    0x00000000      0x595 ./Src/gpio.o
 .debug_line    0x00000595      0xc8d ./Src/main.o
 .debug_line    0x00001222      0x5a7 ./Src/systick.o
 .debug_line    0x000017c9      0x81d ./Src/uart.o
 .debug_line    0x00001fe6       0x7b ./Startup/startup_stm32f407vgtx.o

.debug_str      0x00000000    0x8c87d
 .debug_str     0x00000000    0x8c87d ./Src/gpio.o
                              0x88656 (size before relaxing)
 .debug_str     0x0008c87d    0x8c80d ./Src/main.o
 .debug_str     0x0008c87d    0x88533 ./Src/systick.o
 .debug_str     0x0008c87d    0x887d0 ./Src/uart.o
 .debug_str     0x0008c87d       0x7e ./Startup/startup_stm32f407vgtx.o

.comment        0x00000000       0x43
 .comment       0x00000000       0x43 ./Src/gpio.o
                                 0x44 (size before relaxing)
 .comment       0x00000043       0x44 ./Src/main.o
 .comment       0x00000043       0x44 ./Src/systick.o
 .comment       0x00000043       0x44 ./Src/uart.o

.debug_frame    0x00000000      0x51c
 .debug_frame   0x00000000       0x50 ./Src/gpio.o
 .debug_frame   0x00000050      0x2ac ./Src/main.o
 .debug_frame   0x000002fc       0x38 ./Src/systick.o
 .debug_frame   0x00000334      0x19c ./Src/uart.o
 .debug_frame   0x000004d0       0x20 C:/ST/STM32CubeIDE_1.19.0/STM32CubeIDE/plugins/com.st.stm32cube.ide.mcu.externaltools.gnu-tools-for-stm32.13.3.rel1.win32_1.0.0.202411081344/tools/bin/../lib/gcc/arm-none-eabi/13.3.1/../../../../arm-none-eabi/lib/thumb/v7e-m+fp/hard\libc_nano.a(libc_a-memset.o)
 .debug_frame   0x000004f0       0x2c C:/ST/STM32CubeIDE_1.19.0/STM32CubeIDE/plugins/com.st.stm32cube.ide.mcu.externaltools.gnu-tools-for-stm32.13.3.rel1.win32_1.0.0.202411081344/tools/bin/../lib/gcc/arm-none-eabi/13.3.1/../../../../arm-none-eabi/lib/thumb/v7e-m+fp/hard\libc_nano.a(libc_a-init.o)

.debug_line_str
                0x00000000       0x62
 .debug_line_str
                0x00000000       0x62 ./Startup/startup_stm32f407vgtx.o
