../Src/main.c:64:5:main	8	static
../Src/main.c:76:6:bootloader_jump_to_user_app	24	static,ignoring_inline_asm
../Src/main.c:99:6:bootloader_uart_read_data	24	static
../Src/main.c:154:6:bootloader_handle_get_ver	40	static
../Src/main.c:189:6:bootloader_handle_gethelp	32	static
../Src/main.c:220:10:bootloader_verify_crc	32	static
../Src/main.c:260:9:get_bootloader_version	4	static
../Src/main.c:266:10:get_mcu_chip_id	4	static
../Src/main.c:276:6:bootloader_handle_getcid	32	static
../Src/main.c:301:9:get_flash_rdp_level	16	static
../Src/main.c:315:6:bootloader_handle_getrdp	32	static
../Src/main.c:339:5:verify_address	16	static
../Src/main.c:364:6:bootloader_handle_go_to_addr	48	static,ignoring_inline_asm
../Src/main.c:431:13:flash_unlock	4	static
../Src/main.c:443:13:flash_lock	4	static
../Src/main.c:450:6:execute_flash_erase	24	static
../Src/main.c:520:6:bootloader_handle_flash_erase	40	static
../Src/main.c:559:13:execute_mem_write	32	static
../Src/main.c:601:6:bootloader_handle_mem_write	40	static
